// Jest Snapshot v1, https://goo.gl/fbAQLP

exports[`applyPatches throws when \`op\` is not "add", "replace", nor "remove" 1`] = `"Invariant failed: Unsupported patch operation: copy"`;

exports[`applyPatches throws when \`path\` cannot be resolved 1`] = `"Invariant failed: Cannot apply patch, path doesn't resolve: a/b"`;

exports[`applyPatches throws when \`path\` cannot be resolved 2`] = `"Invariant failed: Cannot apply patch, path doesn't resolve: a/b/c"`;
