// Jest Snapshot v1, https://goo.gl/fbAQLP

exports[`curry - es5 should check arguments 1`] = `"[Immer] minified error nr: 6"`;

exports[`curry - es5 should check arguments 2`] = `"[Immer] minified error nr: 6"`;

exports[`curry - es5 should check arguments 3`] = `"[Immer] minified error nr: 6"`;

exports[`curry - es5 should check arguments 4`] = `"[Immer] minified error nr: 7"`;

exports[`curry - proxy should check arguments 1`] = `"[Immer] minified error nr: 6"`;

exports[`curry - proxy should check arguments 2`] = `"[Immer] minified error nr: 6"`;

exports[`curry - proxy should check arguments 3`] = `"[Immer] minified error nr: 6"`;

exports[`curry - proxy should check arguments 4`] = `"[Immer] minified error nr: 7"`;
